// Jest Snapshot v1, https://goo.gl/fbAQLP

exports[`ToolBox should render correctly whithout props 1`] = `
<div
  className="Cell "
  onClick={[Function]}
/>
`;
