// Jest Snapshot v1, https://goo.gl/fbAQLP

exports[`App should render correctly whithout props 1`] = `
<Provider
  store={
    Object {
      "dispatch": [Function],
      "getState": [Function],
      "replaceReducer": [Function],
      "subscribe": [Function],
      Symbol(observable): [Function],
    }
  }
>
  <BrowserRouter>
    <div
      className="App"
    >
      <h1>
        Revoluci√≥n Industrial
      </h1>
    </div>
    <Switch>
      <Route
        component={[Function]}
        exact={true}
        path="/"
      />
      <PrivateRoute
        component={[Function]}
        path="/home"
      />
      <PrivateRoute
        component={[Function]}
        path="/factory"
      />
    </Switch>
  </BrowserRouter>
</Provider>
`;
